// Jest Snapshot v1, https://goo.gl/fbAQLP

exports[`renders correctly 1`] = `
<div
  className="App"
>
  <div
    className="Display"
  >
    0
  </div>
  <div
    className="ButtonPanel"
  >
    <div
      className="group-1"
    >
      <button
        className="Button"
        onClick={[Function]}
        type="button"
      >
        AC
      </button>
      <button
        className="Button"
        onClick={[Function]}
        type="button"
      >
        +/-
      </button>
      <button
        className="Button"
        onClick={[Function]}
        type="button"
      >
        %
      </button>
      <button
        className="Button operator"
        onClick={[Function]}
        type="button"
      >
        รท
      </button>
    </div>
    <div
      className="group-2"
    >
      <button
        className="Button"
        onClick={[Function]}
        type="button"
      >
        7
      </button>
      <button
        className="Button"
        onClick={[Function]}
        type="button"
      >
        8
      </button>
      <button
        className="Button"
        onClick={[Function]}
        type="button"
      >
        9
      </button>
      <button
        className="Button operator"
        onClick={[Function]}
        type="button"
      >
        X
      </button>
    </div>
    <div
      className="group-3"
    >
      <button
        className="Button"
        onClick={[Function]}
        type="button"
      >
        4
      </button>
      <button
        className="Button"
        onClick={[Function]}
        type="button"
      >
        5
      </button>
      <button
        className="Button"
        onClick={[Function]}
        type="button"
      >
        6
      </button>
      <button
        className="Button operator"
        onClick={[Function]}
        type="button"
      >
        -
      </button>
    </div>
    <div
      className="group-4"
    >
      <button
        className="Button"
        onClick={[Function]}
        type="button"
      >
        1
      </button>
      <button
        className="Button"
        onClick={[Function]}
        type="button"
      >
        2
      </button>
      <button
        className="Button"
        onClick={[Function]}
        type="button"
      >
        3
      </button>
      <button
        className="Button operator"
        onClick={[Function]}
        type="button"
      >
        +
      </button>
    </div>
    <div
      className="group-5"
    >
      <button
        className="Button zero"
        onClick={[Function]}
        type="button"
      >
        0
      </button>
      <button
        className="Button"
        onClick={[Function]}
        type="button"
      >
        .
      </button>
      <button
        className="Button operator"
        onClick={[Function]}
        type="button"
      >
        =
      </button>
    </div>
  </div>
</div>
`;
