// Jest Snapshot v1, https://goo.gl/fbAQLP

exports[`renders correctly 1`] = `
<p>
  Lorem ipsum dolor sit amet consectetur adipisicing elit. Ratione, facilis?
</p>
`;
